// Jest Snapshot v1, https://goo.gl/fbAQLP

exports[`renders Map component 1`] = `
<div
  style={
    Object {
      "height": "100vh",
      "width": "100%",
    }
  }
/>
`;

exports[`renders Map component with props 1`] = `
<div
  style={
    Object {
      "height": "100vh",
      "width": "100%",
    }
  }
/>
`;
