// Jest Snapshot v1, https://goo.gl/fbAQLP

exports[`renders App component 1`] = `
<div
  className="container-fluid"
>
  <div
    className="loading"
  >
    Loadingâ€¦
  </div>
  <div
    className="row"
  >
    <div
      className="col-sm-4"
    >
      <div
        className="filters"
      >
        <div
          className="form-group"
        >
          <label>
            Starting location
          </label>
          <div>
            <input
              autoComplete="off"
              className="form-control search react-mapbox-ac-input"
              onChange={[Function]}
              onKeyDown={[Function]}
              placeholder="Start Location"
              type="text"
              value=""
            />
            
            <span>
              <div
                className="react-mapbox-ac-menu"
                onClick={[Function]}
                style={
                  Object {
                    "display": "none",
                  }
                }
              >
                
              </div>
            </span>
          </div>
        </div>
        <div
          className="form-group last-control"
        >
          <label>
            Drop-off location
          </label>
          <div>
            <input
              autoComplete="off"
              className="form-control search react-mapbox-ac-input"
              onChange={[Function]}
              onKeyDown={[Function]}
              placeholder="Drop-off Location"
              type="text"
              value=""
            />
            
            <span>
              <div
                className="react-mapbox-ac-menu"
                onClick={[Function]}
                style={
                  Object {
                    "display": "none",
                  }
                }
              >
                
              </div>
            </span>
          </div>
        </div>
        
        
        <div
          className="buttons"
        >
          <button
            className="btn btn-primary"
            disabled={true}
            onClick={[Function]}
            type="button"
          >
            Loading
          </button>
          <button
            className="btn btn-secondary"
            disabled={true}
            onClick={[Function]}
            type="button"
          >
            Reset
          </button>
        </div>
      </div>
    </div>
    <div
      className="col-sm-8"
    >
      <div
        style={
          Object {
            "height": "100vh",
            "width": "100%",
          }
        }
      />
    </div>
  </div>
</div>
`;
